I'm sorry, but errors were detected in your script. Please correct the
errors listed below, and try again.


File "game/script.rpy", line 79: expected statement.
    window_hide
               ^

Ren'Py Version: Ren'Py 7.4.11.2266
Fri May  6 23:17:24 2022
